[backblue.gif]
[fade.gif]
[index.html]
[www.navyfederal.org/etc.clientlibs/nfculibs/clientlibs/uife/clientlib-uife-nfculibs-site/resources/images/favicon.ico]
[www.navyfederal.org/etc.clientlibs/nfculibs/clientlibs/uife/clientlib-uife-nfculibs-site/resources/images/nfo-app.png]
[www.navyfederal.org/etc.clientlibs/nfculibs/clientlibs/uife/clientlib-uife-nfculibs-site/resources/fonts/open-sans/open-sans-v18-latin-700.woff2]
[www.navyfederal.org/etc.clientlibs/nfculibs/clientlibs/uife/clientlib-uife-nfculibs-site/resources/fonts/roboto-slab/roboto-slab-v6-latin-300.woff2]
[www.navyfederal.org/etc.clientlibs/nfculibs/clientlibs/uife/clientlib-uife-nfculibs-site/resources/fonts/source-sans/source-sans-pro-v9-latin-regular.woff2]
[www.navyfederal.org/etc.clientlibs/nfculibs/clientlibs/uife/clientlib-uife-nfculibs-site/resources/fonts/source-sans/source-sans-pro-v9-latin-300.woff2]
[www.navyfederal.org/etc.clientlibs/nfculibs/clientlibs/uife/clientlib-uife-nfculibs-site/resources/fonts/source-sans/source-sans-pro-v9-latin-700.woff2]
[www.navyfederal.org/etc.clientlibs/nfculibs/clientlibs/uife/clientlib-uife-nfculibs-site/resources/fonts/source-sans/source-sans-pro-v9-latin-600.woff2]
[www.navyfederal.org/etc.clientlibs/nfculibs/clientlibs/uife/clientlib-uife-nfculibs-site/resources/fonts/source-sans/source-sans-pro-v9-latin-italic.woff2]
[www.navyfederal.org/etc.clientlibs/nfculibs/clientlibs/uife/clientlib-uife-nfculibs-site/resources/fonts/font-awesome/fontawesome-webfont3e6e.woff2]
[www.navyfederal.org/etc.clientlibs/nfculibs/clientlibs/uife/clientlib-uife-nfculibs-site/resources/fonts/nfcu-icons/nfcu-icons52e1.woff]
[www.navyfederal.org/etc.clientlibs/nfculibs/clientlibs/uife/clientlib-uife-nfculibs-site/resources/fonts/nfcu-icons/nfcu-icons52e1.ttf]
[www.navyfederal.org/index.html]
[www.navyfederal.org/content/dam/logos/nfcu/svg/nfo-fom-logo.svg]
[www.navyfederal.org/etc.clientlibs/nfo/clientlibs/uife/clientlib-uife-nfo-site-dependencies.lc-d41d8cd98f00b204e9800998ecf8427e-lc.min.css]
[www.navyfederal.org/etc.clientlibs/nfo/clientlibs/uife/clientlib-uife-basePage.lc-6b2d932eda6804859b9739395c22d61c-lc.min.css]
[www.navyfederal.org/etc.clientlibs/nfo/clientlibs/uife/clientlib-uife-homePage.lc-b9318f69b809bc216d731beb24f08b46-lc.min.css]
[www.navyfederal.org/content/dam/nfo/us-map.jpg]
[assets.adobedtm.com/launch-ENade6a82789f74a53a864dd294d952d3d.min.js]
[www.navyfederal.org/checking-savings/checking.html]
[www.navyfederal.org/checking-savings/savings.html]
[www.navyfederal.org/checking-savings/savings/certificates.html]
[www.navyfederal.org/content/dam/nfculibs/pdfs/savings/1116e.pdf]
[www.navyfederal.org/content/dam/nfculibs/pdfs/nffg/pershing-sweep-terms-conditions.docx_; filename_=UTF-8''pershing-sweep-terms-conditions.docx]
[www.navyfederal.org/content/dam/nfculibs/pdfs/membership/nfcu_652a_nfo.pdf]
[www.navyfederal.org/etc.clientlibs/nfo/clientlibs/clientlib-dependencies.lc-ec1257a625b104d68cd2d275dae8ad47-lc.min.js]
[www.navyfederal.org/etc.clientlibs/nfo/clientlibs/uife/clientlib-uife-nfo-site-dependencies.lc-8f4d604a41357044d40f8746c439bd30-lc.min.js]
[www.navyfederal.org/checking-savings/savings/money-market.html]
[www.navyfederal.org/etc.clientlibs/nfo/clientlibs/uife/clientlib-uife-basePage.lc-551c8cbfd5d28b5d9e769efd1ebb4a51-lc.min.js]
[www.navyfederal.org/etc.clientlibs/nfo/clientlibs/uife/clientlib-uife-homePage.lc-b44b493169594cd96dc901e67801dc8e-lc.min.js]
[www.navyfederal.org/WPYaXf/A_/yu/XbFe/DLnRai8lux6_I/uOOcNXVNpt7Q/Lh8ZKF85/Q3paUw/UhURs]
[www.navyfederal.org/etc.clientlibs/nfculibs/clientlibs/uife/clientlib-uife-nfculibs-site/resources/fonts/nfcu-icons/nfcu-icons52e1.eot]
[www.navyfederal.org/etc.clientlibs/nfculibs/clientlibs/uife/clientlib-uife-nfculibs-site/resources/fonts/font-awesome/fontawesome-webfont3e6e.eot]
[www.navyfederal.org/etc.clientlibs/nfculibs/clientlibs/uife/clientlib-uife-nfculibs-site/resources/fonts/font-awesome/fontawesome-webfontd41d.eot]
[www.navyfederal.org/etc.clientlibs/nfculibs/clientlibs/uife/clientlib-uife-nfculibs-site/resources/fonts/font-awesome/fontawesome-webfont3e6e.woff]
[www.navyfederal.org/etc.clientlibs/nfculibs/clientlibs/uife/clientlib-uife-nfculibs-site/resources/fonts/font-awesome/fontawesome-webfont3e6e.ttf]
[www.navyfederal.org/etc.clientlibs/nfculibs/clientlibs/uife/clientlib-uife-nfculibs-site/resources/fonts/roboto-slab/roboto-slab-v6-latin-300.eot]
[www.navyfederal.org/etc.clientlibs/nfculibs/clientlibs/uife/clientlib-uife-nfculibs-site/resources/fonts/roboto-slab/roboto-slab-v6-latin-300d41d.eot]
[www.navyfederal.org/etc.clientlibs/nfculibs/clientlibs/uife/clientlib-uife-nfculibs-site/resources/fonts/roboto-slab/roboto-slab-v6-latin-300.woff]
[www.navyfederal.org/etc.clientlibs/nfculibs/clientlibs/uife/clientlib-uife-nfculibs-site/resources/fonts/roboto-slab/roboto-slab-v6-latin-300.ttf]
[www.navyfederal.org/etc.clientlibs/nfculibs/clientlibs/uife/clientlib-uife-nfculibs-site/resources/fonts/source-sans/source-sans-pro-v9-latin-regulard41d.eot]
[www.navyfederal.org/checking-savings/savings/retirement-savings.html]
[www.navyfederal.org/etc.clientlibs/nfculibs/clientlibs/uife/clientlib-uife-nfculibs-site/resources/fonts/source-sans/source-sans-pro-v9-latin-regular.woff]
[www.navyfederal.org/etc.clientlibs/nfculibs/clientlibs/uife/clientlib-uife-nfculibs-site/resources/fonts/source-sans/source-sans-pro-v9-latin-regular.ttf]
[www.navyfederal.org/etc.clientlibs/nfculibs/clientlibs/uife/clientlib-uife-nfculibs-site/resources/fonts/source-sans/source-sans-pro-v9-latin-300d41d.eot]
[www.navyfederal.org/etc.clientlibs/nfculibs/clientlibs/uife/clientlib-uife-nfculibs-site/resources/fonts/source-sans/source-sans-pro-v9-latin-300.woff]
[www.navyfederal.org/checking-savings/savings/education-savings.html]
[www.navyfederal.org/etc.clientlibs/nfculibs/clientlibs/uife/clientlib-uife-nfculibs-site/resources/fonts/source-sans/source-sans-pro-v9-latin-300.ttf]
[www.navyfederal.org/etc.clientlibs/nfculibs/clientlibs/uife/clientlib-uife-nfculibs-site/resources/fonts/source-sans/source-sans-pro-v9-latin-700d41d.eot]
[www.navyfederal.org/etc.clientlibs/nfculibs/clientlibs/uife/clientlib-uife-nfculibs-site/resources/fonts/source-sans/source-sans-pro-v9-latin-700.woff]
[www.navyfederal.org/etc.clientlibs/nfculibs/clientlibs/uife/clientlib-uife-nfculibs-site/resources/fonts/source-sans/source-sans-pro-v9-latin-700.ttf]
[www.navyfederal.org/etc.clientlibs/nfculibs/clientlibs/uife/clientlib-uife-nfculibs-site/resources/fonts/source-sans/source-sans-pro-v9-latin-600d41d.eot]
[www.navyfederal.org/etc.clientlibs/nfculibs/clientlibs/uife/clientlib-uife-nfculibs-site/resources/fonts/source-sans/source-sans-pro-v9-latin-600.woff]
[www.navyfederal.org/etc.clientlibs/nfculibs/clientlibs/uife/clientlib-uife-nfculibs-site/resources/fonts/source-sans/source-sans-pro-v9-latin-600.ttf]
[www.navyfederal.org/etc.clientlibs/nfculibs/clientlibs/uife/clientlib-uife-nfculibs-site/resources/fonts/source-sans/source-sans-pro-v9-latin-italicd41d.eot]
[www.navyfederal.org/checking-savings/cards.html]
[www.navyfederal.org/etc.clientlibs/nfculibs/clientlibs/uife/clientlib-uife-nfculibs-site/resources/fonts/source-sans/source-sans-pro-v9-latin-italic.woff]
[www.navyfederal.org/etc.clientlibs/nfculibs/clientlibs/uife/clientlib-uife-nfculibs-site/resources/fonts/source-sans/source-sans-pro-v9-latin-italic.ttf]
[www.navyfederal.org/etc.clientlibs/nfculibs/clientlibs/uife/clientlib-uife-nfculibs-site/resources/fonts/open-sans/open-sans-v18-latin-700d41d.eot]
[www.navyfederal.org/etc.clientlibs/nfculibs/clientlibs/uife/clientlib-uife-nfculibs-site/resources/fonts/open-sans/open-sans-v18-latin-700.woff]
[www.navyfederal.org/etc.clientlibs/nfculibs/clientlibs/uife/clientlib-uife-nfculibs-site/resources/fonts/open-sans/open-sans-v18-latin-700.ttf]
[www.navyfederal.org/investment-services/investments.html]
[bat.bing.com/bat.js]
[www.navyfederal.org/checking-savings/checking/resources/direct-deposit5ea4.html]
[www.navyfederal.org/checking-savings/savings/savings-resources/certificate-laddering-strategyf25a.html]
[www.navyfederal.org/content/dam/nfculibs/pdfs/checking/401a_active_duty_checking.pdf]
[www.navyfederal.org/loans-cards/credit-cards.html]
[www.navyfederal.org/content/dam/nfculibs/pdfs/checking/401b_echecking.pdf]
[www.navyfederal.org/content/dam/nfculibs/pdfs/checking/401e_campus_checking.pdf]
[www.navyfederal.org/content/dam/nfculibs/pdfs/checking/401c_everyday_checking.pdf]
[www.navyfederal.org/content/dam/nfculibs/pdfs/checking/401d_flagship_checking.pdf]
[www.navyfederal.org/loans-cards/auto-loans.html]
[www.navyfederal.org/etc.clientlibs/nfo/clientlibs/uife/clientlib-uife-fullWidth.lc-8527c6264a2fe2ce736e71e58f5efd6d-lc.min.js]
[www.navyfederal.org/content/dam/nfculibs/pdfs/certificates-ira-trust/nfcu_602c.pdf]
[www.navyfederal.org/content/dam/nfculibs/pdfs/other/nfcu_211ab.pdf]
[www.navyfederal.org/etc.clientlibs/nfis/clientlibs/uife/clientlib-uife-basePage/resources/fonts/open-sans/open-sans-v18-latin-700.woff2]
[www.navyfederal.org/etc.clientlibs/nfis/clientlibs/uife/clientlib-uife-basePage/resources/fonts/roboto-slab/roboto-slab-v6-latin-300.woff2]
[www.navyfederal.org/etc.clientlibs/nfis/clientlibs/uife/clientlib-uife-basePage/resources/fonts/source-sans/source-sans-pro-v9-latin-regular.woff2]
[www.navyfederal.org/etc.clientlibs/nfis/clientlibs/uife/clientlib-uife-basePage/resources/fonts/source-sans/source-sans-pro-v9-latin-300.woff2]
[www.navyfederal.org/etc.clientlibs/nfis/clientlibs/uife/clientlib-uife-basePage/resources/fonts/source-sans/source-sans-pro-v9-latin-700.woff2]
[www.navyfederal.org/etc.clientlibs/nfis/clientlibs/uife/clientlib-uife-basePage/resources/fonts/source-sans/source-sans-pro-v9-latin-600.woff2]
[www.navyfederal.org/etc.clientlibs/nfis/clientlibs/uife/clientlib-uife-basePage/resources/fonts/source-sans/source-sans-pro-v9-latin-italic.woff2]
[www.navyfederal.org/etc.clientlibs/nfis/clientlibs/uife/clientlib-uife-basePage/resources/fonts/font-awesome/fontawesome-webfont3e6e.woff2]
[www.navyfederal.org/etc.clientlibs/nfis/clientlibs/uife/clientlib-uife-basePage/resources/fonts/nfcu-icons/nfcu-icons52e1.woff]
[www.navyfederal.org/etc.clientlibs/nfis/clientlibs/uife/clientlib-uife-basePage/resources/fonts/nfcu-icons/nfcu-icons52e1.ttf]
[www.navyfederal.org/content/dam/nfis/logos/nfis-logo.png]
[www.navyfederal.org/etc.clientlibs/nfis/clientlibs/clientlib-dependencies.lc-ec1257a625b104d68cd2d275dae8ad47-lc.min.js]
[www.navyfederal.org/etc.clientlibs/nfis/clientlibs/uife/clientlib-uife-nfis-site-dependencies.lc-5e15063e12095e9467228451628cfea8-lc.min.js]
[www.navyfederal.org/etc.clientlibs/nfis/clientlibs/uife/clientlib-uife-basePage.lc-2f7c48640bc23ce342f68a7ba26697d3-lc.min.js]
[www.navyfederal.org/etc.clientlibs/nfis/clientlibs/uife/clientlib-uife-fullWidth.lc-73c6ea21c7320262e3ac6e6230726963-lc.min.js]
[www.navyfederal.org/content/dam/nfculibs/pdfs/other/treasury_1199a.pdf]
[www.navyfederal.org/etc.clientlibs/nfo/clientlibs/uife/clientlib-uife-resources.lc-24fa3cbb7065266b38d3417f1321d542-lc.min.js]
[www.navyfederal.org/content/dam/nfculibs/pdfs/credit-debit-cards/nfcu_573cc.pdf]
[www.navyfederal.org/content/dam/nfculibs/pdfs/credit-debit-cards/nfcu_573cash.pdf]
[www.navyfederal.org/content/dam/nfculibs/pdfs/credit-debit-cards/nfcu_573amex.pdf]
[www.navyfederal.org/content/dam/nfculibs/pdfs/credit-debit-cards/nfcu_573flag.pdf]
[www.navyfederal.org/content/dam/nfculibs/pdfs/credit-debit-cards/nfcu_573go.pdf]
[www.navyfederal.org/content/dam/nfculibs/pdfs/credit-debit-cards/nfcu_573plat.pdf]
[www.navyfederal.org/content/dam/nfculibs/pdfs/credit-debit-cards/nfcu_800n.pdf]
[www.navyfederal.org/loans-cards/mortgage/mortgage-basics/preapproval.html]
[www.navyfederal.org/loans-cards/mortgage/mortgage-basics/mortgage-match-video.html]
[www.navyfederal.org/loans-cards/mortgage/mortgage-basics.html]
[www.navyfederal.org/loans-cards/mortgage/homeowner-resources/making-payments.html]
[www.navyfederal.org/loans-cards/mortgage/homeowner-resources/escrow.html]
[www.navyfederal.org/loans-cards/mortgage/homesquad/managing-your-mortgage-made-easy-with-homesquad.html]
[www.navyfederal.org/loans-cards/mortgage/homeowner-resources/alternatives-to-foreclosure.html]
[www.navyfederal.org/loans-cards/mortgage/homeowner-resources.html]
[www.navyfederal.org/makingcents/tools/mortgage-payment-calculator.html]
[www.navyfederal.org/loans-cards/mortgage.html]
[www.navyfederal.org/loans-cards/mortgage/frequently-asked-questions.html]
[www.navyfederal.org/content/dam/icons/single-tone/light-blue/headsetperson_ltblue.svg]
[www.navyfederal.org/loans-cards/personal-loans/career-kickoff-loan.html]
[www.navyfederal.org/loans-cards/personal-loans.html]
[www.navyfederal.org/loans-cards/student-loans.html]
[www.navyfederal.org/loans-cards/equity.html]
[www.navyfederal.org/loans-cards/auto-loans/motorcycle-boat-rv.html]
[www.navyfederal.org/loans-cards/mortgage/mortgage-basics/preapprovalb801.html]
[www.navyfederal.org/loans-cards/auto-loans/auto-resources/car-buying-servicef530.html]
[www.navyfederal.org/services/security.html]
[www.navyfederal.org/services/mobile-online-banking.html]
[www.navyfederal.org/branches-atms.html]
[www.navyfederal.org/services/business.html]
[www.navyfederal.org/services/transfers.html]
[www.navyfederal.org/services/ways-to-bank-with-us.html]
[www.navyfederal.org/investment-services]
[www.navyfederal.org/services/business/resourcesaa4d.html]
[www.navyfederal.org/services/transfers/zelle5740.html]
[www.navyfederal.org/makingcents.html]
[www.navyfederal.org/makingcents/savings-budgeting.html]
[www.navyfederal.org/makingcents/credit-debt.html]
[www.navyfederal.org/makingcents/investing.html]
[www.navyfederal.org/makingcents/military-life.html]
[www.navyfederal.org/makingcents/home-ownership.html]
[www.navyfederal.org/makingcents/auto.html]
[www.navyfederal.org/makingcents/business.html]
[www.navyfederal.org/makingcents/tools.html]
[www.navyfederal.org/makingcents/privacy-security.html]
[www.navyfederal.org/makingcents/personal-finance-counseling.html]
[www.navyfederal.org/makingcents8253.html]
[www.navyfederal.org/makingcents/tools/credit-simulator7775.html]
[www.navyfederal.org/membership/become-a-member.html]
[www.navyfederal.org/membership/welcome-to-navy-federal.html]
[www.navyfederal.org/membership/offers-discounts.html]
[www.navyfederal.org/about.html]
[www.navyfederal.org/contact-us.html]
[www.navyfederal.org/membership/eligibility8ede.html]
[www.navyfederal.org/membership/offers-discounts.html06d3.html]
[www.navyfederal.org/policy/browser-support.html]
[www.navyfederal.org/checking-savings/savings/certificatesda02.html]
[www.navyfederal.org/checking-savings/checking/debit.html]
[www.navyfederal.org/loans-cards/mortgage/refinancing04b2.html]
[www.navyfederal.org/loans-cards/credit-cards/cash-rewardsfa93.html]
[www.navyfederal.org/loans-cards/personal-loans7068.html]
[www.navyfederal.org/checking-savings/savings/certificates91d0.html]
[www.navyfederal.org/loans-cards/auto-loansd46e.html]
[www.navyfederal.org/loans-cards/student-loans/student-loans651e.html]
[www.navyfederal.org/membership/become-a-member3487.html]
[www.navyfederal.org/loans-cards/credit-cards/offers/go-rewardsd4e1.html]
[www.navyfederal.org/makingcents/credit-debt/consider-co-signer-for-student-loansc0c6.html]
[www.navyfederal.org/loans-cards/student-loans/student-loanse512.html]
[www.navyfederal.org/loans-cards/mortgage/homeowner-resources/home-buying-centercc73.html]
[www.navyfederal.org/about/presidents-message7d0a.html]
[www.navyfederal.org/makingcents/tools/credit-simulator28b6.html]
[www.navyfederal.org/makingcents/credit-debt/are-you-making-these-reward-card-mistakes0af1.html]
[www.navyfederal.org/investment-services/life-insuranced2e6.html]
[www.navyfederal.org/loans-cards/equity/home-improvement55f5.html]
[www.navyfederal.org/services/security/features6a1e.html]
[www.navyfederal.org/checking-savings/savings/savings-resources/certificate-ratesa808.html]
[www.navyfederal.org/content/dam/icons/single-tone/blue/global-rates-bar-mortgages.svg]
[www.navyfederal.org/loans-cards/mortgage/mortgage-rates.html]
[www.navyfederal.org/content/dam/icons/single-tone/blue/global-rates-bar-auto.svg]
[www.navyfederal.org/content/dam/icons/single-tone/blue/global-rates-bar-certificates.svg]
[www.navyfederal.org/content/dam/icons/single-tone/blue/global-rates-bar-creditcards.svg]
[www.navyfederal.org/rates.html]
[www.navyfederal.org/makingcents/savings-budgeting/are-you-prepared-for-a-natural-disaster0276.html]
[www.navyfederal.org/makingcents/savings-budgeting/emergency-savings-examples3242.html]
[www.navyfederal.org/makingcents/savings-budgeting/rebuild-emergency-fundfded.html]
[www.navyfederal.org/_jcr_content/root/homePageZone3/image1.coreimg.svg/1693575667268/accounts.svg]
[www.navyfederal.org/makingcents/tools/emergency-fund-calculatorc2d4.html]
[www.navyfederal.org/_jcr_content/root/homePageZone3/image2.coreimg.svg/1693575667268/calculator.svg]
[www.navyfederal.org/makingcents/savings-budgeting/overcome-financial-challenges5aa7.html]
[www.navyfederal.org/about/careers.html]
[www.navyfederal.org/about/press-releases.html]
[www.navyfederal.org/resources/events.html]
[www.navyfederal.org/membership/faqs.html]
[www.navyfederal.org/forms.html]
[www.navyfederal.org/policy.html]
[www.navyfederal.org/policy/accessibility.html]
[www.navyfederal.org/site-map.html]
[www.navyfederal.org/etc.clientlibs/nfculibs/clientlibs/uife/clientlib-uife-nfculibs-site/resources/fonts/nfcu-icons/nfcu-icons52e1.svg]
