[www.navyfederal.org/index.html]
[backblue.gif]
[fade.gif]
[index.html]
[www.navyfederal.org/etc.clientlibs/nfculibs/clientlibs/uife/clientlib-uife-nfculibs-site/resources/images/favicon.ico]
[www.navyfederal.org/content/dam/logos/nfcu/svg/nfo-fom-logo.svg]
[www.navyfederal.org/etc.clientlibs/nfculibs/clientlibs/uife/clientlib-uife-nfculibs-site/resources/images/nfo-app.png]
[www.navyfederal.org/etc.clientlibs/nfculibs/clientlibs/uife/clientlib-uife-nfculibs-site/resources/fonts/open-sans/open-sans-v18-latin-700.woff2]
[www.navyfederal.org/etc.clientlibs/nfculibs/clientlibs/uife/clientlib-uife-nfculibs-site/resources/fonts/roboto-slab/roboto-slab-v6-latin-300.woff2]
[www.navyfederal.org/etc.clientlibs/nfculibs/clientlibs/uife/clientlib-uife-nfculibs-site/resources/fonts/source-sans/source-sans-pro-v9-latin-regular.woff2]
[www.navyfederal.org/etc.clientlibs/nfculibs/clientlibs/uife/clientlib-uife-nfculibs-site/resources/fonts/source-sans/source-sans-pro-v9-latin-300.woff2]
[www.navyfederal.org/etc.clientlibs/nfculibs/clientlibs/uife/clientlib-uife-nfculibs-site/resources/fonts/source-sans/source-sans-pro-v9-latin-700.woff2]
[www.navyfederal.org/etc.clientlibs/nfculibs/clientlibs/uife/clientlib-uife-nfculibs-site/resources/fonts/source-sans/source-sans-pro-v9-latin-600.woff2]
[www.navyfederal.org/etc.clientlibs/nfculibs/clientlibs/uife/clientlib-uife-nfculibs-site/resources/fonts/source-sans/source-sans-pro-v9-latin-italic.woff2]
[www.navyfederal.org/etc.clientlibs/nfculibs/clientlibs/uife/clientlib-uife-nfculibs-site/resources/fonts/nfcu-icons/nfcu-icons52e1.woff]
[www.navyfederal.org/etc.clientlibs/nfculibs/clientlibs/uife/clientlib-uife-nfculibs-site/resources/fonts/font-awesome/fontawesome-webfont3e6e.woff2]
[www.navyfederal.org/etc.clientlibs/nfculibs/clientlibs/uife/clientlib-uife-nfculibs-site/resources/fonts/nfcu-icons/nfcu-icons52e1.ttf]
[www.navyfederal.org/etc.clientlibs/nfo/clientlibs/uife/clientlib-uife-nfo-site-dependencies.lc-d41d8cd98f00b204e9800998ecf8427e-lc.min.css]
[www.navyfederal.org/etc.clientlibs/nfo/clientlibs/uife/clientlib-uife-basePage.lc-6b2d932eda6804859b9739395c22d61c-lc.min.css]
[www.navyfederal.org/etc.clientlibs/nfo/clientlibs/uife/clientlib-uife-homePage.lc-b9318f69b809bc216d731beb24f08b46-lc.min.css]
[www.navyfederal.org/checking-savings/checking.html]
[assets.adobedtm.com/launch-ENade6a82789f74a53a864dd294d952d3d.min.js]
[www.navyfederal.org/checking-savings/savings.html]
[www.navyfederal.org/checking-savings/savings/certificates.html]
[www.navyfederal.org/checking-savings/savings/money-market.html]
[www.navyfederal.org/checking-savings/savings/retirement-savings.html]
[www.navyfederal.org/checking-savings/savings/education-savings.html]
[www.navyfederal.org/checking-savings/cards.html]
[www.navyfederal.org/investment-services/investments.html]
[www.navyfederal.org/checking-savings/checking/resources/direct-deposit5ea4.html]
[www.navyfederal.org/checking-savings/savings/savings-resources/certificate-laddering-strategyf25a.html]
[www.navyfederal.org/loans-cards/credit-cards.html]
[www.navyfederal.org/loans-cards/auto-loans.html]
[www.navyfederal.org/loans-cards/mortgage.html]
[www.navyfederal.org/loans-cards/personal-loans.html]
[www.navyfederal.org/loans-cards/student-loans.html]
[www.navyfederal.org/loans-cards/equity.html]
[www.navyfederal.org/loans-cards/auto-loans/motorcycle-boat-rv.html]
[www.navyfederal.org/loans-cards/mortgage/mortgage-basics/preapprovalb801.html]
[www.navyfederal.org/loans-cards/auto-loans/auto-resources/car-buying-servicef530.html]
[www.navyfederal.org/services/security.html]
[www.navyfederal.org/services/mobile-online-banking.html]
[www.navyfederal.org/branches-atms.html]
[www.navyfederal.org/services/business.html]
[www.navyfederal.org/services/transfers.html]
[www.navyfederal.org/services/ways-to-bank-with-us.html]
[www.navyfederal.org/investment-services.html]
[www.navyfederal.org/services/business/resourcesaa4d.html]
[www.navyfederal.org/services/transfers/zelle5740.html]
[www.navyfederal.org/makingcents.html]
[www.navyfederal.org/makingcents/savings-budgeting.html]
[www.navyfederal.org/makingcents/credit-debt.html]
[www.navyfederal.org/makingcents/investing.html]
[www.navyfederal.org/makingcents/military-life.html]
[www.navyfederal.org/makingcents/home-ownership.html]
[www.navyfederal.org/makingcents/auto.html]
[www.navyfederal.org/makingcents/business.html]
[www.navyfederal.org/makingcents/tools.html]
[www.navyfederal.org/makingcents/privacy-security.html]
[www.navyfederal.org/makingcents/personal-finance-counseling.html]
[www.navyfederal.org/makingcents8253.html]
[www.navyfederal.org/makingcents/tools/credit-simulator7775.html]
[www.navyfederal.org/membership/become-a-member.html]
[www.navyfederal.org/membership/welcome-to-navy-federal.html]
[www.navyfederal.org/membership/offers-discounts.html]
[www.navyfederal.org/about.html]
[www.navyfederal.org/contact-us.html]
[www.navyfederal.org/membership/eligibility8ede.html]
[www.navyfederal.org/membership/offers-discounts.html06d3.html]
[www.navyfederal.org/policy/browser-support.html]
[www.navyfederal.org/checking-savings/savings/certificatesda02.html]
[www.navyfederal.org/checking-savings/checking/debit.html]
[www.navyfederal.org/content/dam/nfo/us-map.jpg]
[www.navyfederal.org/loans-cards/mortgage/refinancing04b2.html]
[www.navyfederal.org/loans-cards/credit-cards/cash-rewardsfa93.html]
[www.navyfederal.org/loans-cards/personal-loans7068.html]
[www.navyfederal.org/checking-savings/savings/certificates91d0.html]
[www.navyfederal.org/loans-cards/auto-loansd46e.html]
[www.navyfederal.org/loans-cards/student-loans/student-loans651e.html]
[www.navyfederal.org/membership/become-a-member3487.html]
[www.navyfederal.org/loans-cards/credit-cards/offers/go-rewardsd4e1.html]
[www.navyfederal.org/makingcents/credit-debt/consider-co-signer-for-student-loansc0c6.html]
[www.navyfederal.org/loans-cards/student-loans/student-loanse512.html]
[www.navyfederal.org/loans-cards/mortgage/homeowner-resources/home-buying-centercc73.html]
[www.navyfederal.org/about/presidents-message7d0a.html]
[www.navyfederal.org/makingcents/tools/credit-simulator28b6.html]
[www.navyfederal.org/makingcents/credit-debt/are-you-making-these-reward-card-mistakes0af1.html]
[www.navyfederal.org/investment-services/life-insuranced2e6.html]
[www.navyfederal.org/loans-cards/equity/home-improvement55f5.html]
[www.navyfederal.org/services/security/features6a1e.html]
[www.navyfederal.org/checking-savings/savings/savings-resources/certificate-ratesa808.html]
[www.navyfederal.org/content/dam/icons/single-tone/blue/global-rates-bar-mortgages.svg]
[www.navyfederal.org/loans-cards/mortgage/mortgage-rates.html]
[www.navyfederal.org/content/dam/icons/single-tone/blue/global-rates-bar-auto.svg]
[www.navyfederal.org/content/dam/icons/single-tone/blue/global-rates-bar-certificates.svg]
[www.navyfederal.org/content/dam/icons/single-tone/blue/global-rates-bar-creditcards.svg]
[www.navyfederal.org/rates.html]
[www.navyfederal.org/makingcents/savings-budgeting/are-you-prepared-for-a-natural-disaster0276.html]
[www.navyfederal.org/makingcents/savings-budgeting/emergency-savings-examples3242.html]
[www.navyfederal.org/makingcents/savings-budgeting/rebuild-emergency-fundfded.html]
[www.navyfederal.org/_jcr_content/root/homePageZone3/image1.coreimg.svg/1693575667268/accounts.svg]
[www.navyfederal.org/makingcents/tools/emergency-fund-calculatorc2d4.html]
[www.navyfederal.org/_jcr_content/root/homePageZone3/image2.coreimg.svg/1693575667268/calculator.svg]
[www.navyfederal.org/makingcents/savings-budgeting/overcome-financial-challenges5aa7.html]
[www.navyfederal.org/about/careers.html]
[www.navyfederal.org/about/press-releases.html]
[www.navyfederal.org/resources/events.html]
[www.navyfederal.org/membership/faqs.html]
[www.navyfederal.org/forms.html]
[www.navyfederal.org/policy.html]
[www.navyfederal.org/policy/accessibility.html]
[www.navyfederal.org/site-map.html]
[www.navyfederal.org/content/dam/nfculibs/pdfs/savings/1116e.pdf]
[www.navyfederal.org/content/dam/nfculibs/pdfs/nffg/pershing-sweep-terms-conditions.docx_; filename_=UTF-8''pershing-sweep-terms-conditions.docx]
[www.navyfederal.org/content/dam/nfculibs/pdfs/membership/nfcu_652a_nfo.pdf]
[www.navyfederal.org/etc.clientlibs/nfo/clientlibs/clientlib-dependencies.lc-ec1257a625b104d68cd2d275dae8ad47-lc.min.js]
[www.navyfederal.org/etc.clientlibs/nfo/clientlibs/uife/clientlib-uife-basePage.lc-551c8cbfd5d28b5d9e769efd1ebb4a51-lc.min.js]
[www.navyfederal.org/etc.clientlibs/nfo/clientlibs/uife/clientlib-uife-nfo-site-dependencies.lc-8f4d604a41357044d40f8746c439bd30-lc.min.js]
[www.navyfederal.org/etc.clientlibs/nfo/clientlibs/uife/clientlib-uife-homePage.lc-b44b493169594cd96dc901e67801dc8e-lc.min.js]
[www.navyfederal.org/index.html]
[www.navyfederal.org/content/dam/logos/nfcu/svg/nfo-fom-logo.svg]
[www.navyfederal.org/etc.clientlibs/nfo/clientlibs/uife/clientlib-uife-nfo-site-dependencies.lc-d41d8cd98f00b204e9800998ecf8427e-lc.min.css]
[www.navyfederal.org/WPYaXf/A_/yu/XbFe/DLnRai8lux6_I/uOOcNXVNpt7Q/Lh8ZKF85/Q3paUw/UhURs]
[www.navyfederal.org/etc.clientlibs/nfculibs/clientlibs/uife/clientlib-uife-nfculibs-site/resources/fonts/nfcu-icons/nfcu-icons52e1.eot]
[www.navyfederal.org/etc.clientlibs/nfculibs/clientlibs/uife/clientlib-uife-nfculibs-site/resources/fonts/font-awesome/fontawesome-webfont3e6e.eot]
[www.navyfederal.org/etc.clientlibs/nfculibs/clientlibs/uife/clientlib-uife-nfculibs-site/resources/fonts/nfcu-icons/nfcu-icons52e1.svg]
[www.navyfederal.org/etc.clientlibs/nfculibs/clientlibs/uife/clientlib-uife-nfculibs-site/resources/fonts/font-awesome/fontawesome-webfontd41d.eot]
[www.navyfederal.org/etc.clientlibs/nfculibs/clientlibs/uife/clientlib-uife-nfculibs-site/resources/fonts/font-awesome/fontawesome-webfont3e6e.woff]
[www.navyfederal.org/etc.clientlibs/nfculibs/clientlibs/uife/clientlib-uife-nfculibs-site/resources/fonts/font-awesome/fontawesome-webfont3e6e.ttf]
[www.navyfederal.org/etc.clientlibs/nfculibs/clientlibs/uife/clientlib-uife-nfculibs-site/resources/fonts/font-awesome/fontawesome-webfont3e6e.svg]
[www.navyfederal.org/etc.clientlibs/nfculibs/clientlibs/uife/clientlib-uife-nfculibs-site/resources/fonts/roboto-slab/roboto-slab-v6-latin-300.eot]
[www.navyfederal.org/etc.clientlibs/nfculibs/clientlibs/uife/clientlib-uife-nfculibs-site/resources/fonts/roboto-slab/roboto-slab-v6-latin-300d41d.eot]
[www.navyfederal.org/etc.clientlibs/nfculibs/clientlibs/uife/clientlib-uife-nfculibs-site/resources/fonts/roboto-slab/roboto-slab-v6-latin-300.woff]
[www.navyfederal.org/etc.clientlibs/nfculibs/clientlibs/uife/clientlib-uife-nfculibs-site/resources/fonts/roboto-slab/roboto-slab-v6-latin-300.ttf]
[www.navyfederal.org/etc.clientlibs/nfculibs/clientlibs/uife/clientlib-uife-nfculibs-site/resources/fonts/roboto-slab/roboto-slab-v6-latin-300.svg]
[www.navyfederal.org/etc.clientlibs/nfculibs/clientlibs/uife/clientlib-uife-nfculibs-site/resources/fonts/source-sans/source-sans-pro-v9-latin-regulard41d.eot]
[www.navyfederal.org/etc.clientlibs/nfculibs/clientlibs/uife/clientlib-uife-nfculibs-site/resources/fonts/source-sans/source-sans-pro-v9-latin-regular.woff]
[www.navyfederal.org/etc.clientlibs/nfculibs/clientlibs/uife/clientlib-uife-nfculibs-site/resources/fonts/source-sans/source-sans-pro-v9-latin-regular.ttf]
[www.navyfederal.org/etc.clientlibs/nfculibs/clientlibs/uife/clientlib-uife-nfculibs-site/resources/fonts/source-sans/source-sans-pro-v9-latin-300d41d.eot]
[www.navyfederal.org/etc.clientlibs/nfculibs/clientlibs/uife/clientlib-uife-nfculibs-site/resources/fonts/source-sans/source-sans-pro-v9-latin-300.woff]
[www.navyfederal.org/etc.clientlibs/nfculibs/clientlibs/uife/clientlib-uife-nfculibs-site/resources/fonts/source-sans/source-sans-pro-v9-latin-300.ttf]
[www.navyfederal.org/etc.clientlibs/nfculibs/clientlibs/uife/clientlib-uife-nfculibs-site/resources/fonts/source-sans/source-sans-pro-v9-latin-700d41d.eot]
[www.navyfederal.org/etc.clientlibs/nfculibs/clientlibs/uife/clientlib-uife-nfculibs-site/resources/fonts/source-sans/source-sans-pro-v9-latin-700.woff]
[www.navyfederal.org/etc.clientlibs/nfculibs/clientlibs/uife/clientlib-uife-nfculibs-site/resources/fonts/source-sans/source-sans-pro-v9-latin-700.ttf]
[www.navyfederal.org/etc.clientlibs/nfculibs/clientlibs/uife/clientlib-uife-nfculibs-site/resources/fonts/source-sans/source-sans-pro-v9-latin-600d41d.eot]
[www.navyfederal.org/etc.clientlibs/nfculibs/clientlibs/uife/clientlib-uife-nfculibs-site/resources/fonts/source-sans/source-sans-pro-v9-latin-600.woff]
[www.navyfederal.org/etc.clientlibs/nfculibs/clientlibs/uife/clientlib-uife-nfculibs-site/resources/fonts/source-sans/source-sans-pro-v9-latin-600.ttf]
[www.navyfederal.org/etc.clientlibs/nfculibs/clientlibs/uife/clientlib-uife-nfculibs-site/resources/fonts/source-sans/source-sans-pro-v9-latin-italicd41d.eot]
[www.navyfederal.org/etc.clientlibs/nfculibs/clientlibs/uife/clientlib-uife-nfculibs-site/resources/fonts/source-sans/source-sans-pro-v9-latin-italic.woff]
[www.navyfederal.org/etc.clientlibs/nfculibs/clientlibs/uife/clientlib-uife-nfculibs-site/resources/fonts/source-sans/source-sans-pro-v9-latin-italic.ttf]
[www.navyfederal.org/etc.clientlibs/nfculibs/clientlibs/uife/clientlib-uife-nfculibs-site/resources/fonts/open-sans/open-sans-v18-latin-700d41d.eot]
[www.navyfederal.org/etc.clientlibs/nfculibs/clientlibs/uife/clientlib-uife-nfculibs-site/resources/fonts/open-sans/open-sans-v18-latin-700.woff]
[www.navyfederal.org/etc.clientlibs/nfculibs/clientlibs/uife/clientlib-uife-nfculibs-site/resources/fonts/open-sans/open-sans-v18-latin-700.ttf]
[www.navyfederal.org/etc.clientlibs/nfo/clientlibs/uife/clientlib-uife-basePage/resources/images/NFCU_horizontal_sm_rev.svg]
[www.navyfederal.org/etc.clientlibs/nfo/clientlibs/uife/clientlib-uife-basePage/resources/images/NFCU_horizontal_rev.svg]
[www.navyfederal.org/etc.clientlibs/nfo/clientlibs/uife/clientlib-uife-basePage.lc-6b2d932eda6804859b9739395c22d61c-lc.min.css]
[www.navyfederal.org/etc.clientlibs/nfo/clientlibs/uife/clientlib-uife-homePage.lc-b9318f69b809bc216d731beb24f08b46-lc.min.css]
[www.navyfederal.org/get.html]
[www.navyfederal.org/helpers/getObjectProperty.js]
[bat.bing.com/bat.js]
[www.navyfederal.org/Unable to load target-vec.js]
[www.navyfederal.org/Loading target-vec.js]
[assets.adobedtm.com/launch-ENade6a82789f74a53a864dd294d952d3d.min.js]
[www.navyfederal.org/etc.clientlibs/nfo/clientlibs/uife/clientlib-uife-fullWidth.lc-6467cfbdc6d1e04abbe6763e9ebc3476-lc.min.css]
[www.navyfederal.org/branches-atms/atms.html]
[www.navyfederal.org/services/mobile-online-banking/mobile-deposits.html]
[www.navyfederal.org/services/mobile-online-banking/bill-pay.html]
[www.navyfederal.org/checking-savings/checking/resources/checking-protection.html]
[www.navyfederal.org/checking-savings/checking/resources/free-checks.html]
[www.navyfederal.org/content/dam/icons/two-tone/military-chk-wizard.svg]
[www.navyfederal.org/checking-savings/checking/active-duty-checking.html]
[www.navyfederal.org/content/dam/nfculibs/pdfs/checking/401a_active_duty_checking.pdf]
[www.navyfederal.org/checking-savings/checking/easy-checking.html]
[www.navyfederal.org/content/dam/icons/two-tone/cash-and-coins/money-bag-timer.svg]
[www.navyfederal.org/content/dam/nfculibs/pdfs/checking/401b_echecking.pdf]
[www.navyfederal.org/content/dam/icons/two-tone/books.svg]
[www.navyfederal.org/checking-savings/checking/campus-checking.html]
[www.navyfederal.org/content/dam/nfculibs/pdfs/checking/401e_campus_checking.pdf]
[www.navyfederal.org/content/dam/icons/two-tone/cash-and-coins/check-dollars.svg]
[www.navyfederal.org/checking-savings/checking/everyday-checking.html]
[www.navyfederal.org/content/dam/nfculibs/pdfs/checking/401c_everyday_checking.pdf]
[www.navyfederal.org/content/dam/icons/two-tone/cash-and-coins/money-arrow.svg]
[www.navyfederal.org/checking-savings/checking/flagship-checking.html]
[www.navyfederal.org/content/dam/nfculibs/pdfs/checking/401d_flagship_checking.pdf]
[www.navyfederal.org/checking-savings/checking/resources/how-to-switch-checking.html]
[www.navyfederal.org/services/business/checking-savings.html]
[www.navyfederal.org/checking-savings/checking/resources/direct-deposit.html]
[www.navyfederal.org/services/transfers/add-money.html]
[www.navyfederal.org/checking-savings/checking/resources.html]
[www.navyfederal.org/checking-savings/checking.html]
[www.navyfederal.org/etc.clientlibs/nfo/clientlibs/uife/clientlib-uife-fullWidth.lc-8527c6264a2fe2ce736e71e58f5efd6d-lc.min.js]
[www.navyfederal.org/checking-savings/savings/emergency-fund.html]
[www.navyfederal.org/makingcents/savings-budgeting/emergency-fund.html]
[www.navyfederal.org/makingcents/tools/savings-goal-calculator.html]
[www.navyfederal.org/makingcents/savings-budgeting/make-saving-simpler.html]
[www.navyfederal.org/checking-savings/savings/savings-basics.html]
[www.navyfederal.org/checking-savings/savings/savings-resources/savings-rates.html]
[www.navyfederal.org/checking-savings/savings/savings-resources/certificate-rates.html]
[www.navyfederal.org/makingcents/tools/compare-savings-rates-calculator.html]
[www.navyfederal.org/checking-savings/savings/savings-resources.html]
[www.navyfederal.org/checking-savings/savings.html]
[www.navyfederal.org/checking-savings/savings/faqs.html]
[www.navyfederal.org/content/dam/icons/two-tone/cash-and-coins/paper-money.svg]
[www.navyfederal.org/checking-savings/savings/certificates/certificate-accounts.html]
[www.navyfederal.org/content/dam/icons/two-tone/easy-start-icon-primary.svg]
[www.navyfederal.org/checking-savings/savings/certificates/easystart-certificate.html]
[www.navyfederal.org/content/dam/icons/two-tone/cash-and-coins/jar-money.svg]
[www.navyfederal.org/content/dam/icons/two-tone/cash-and-coins/coins.svg]
[www.navyfederal.org/makingcents/savings-budgeting/certificate-maturing-know-your-options.html]
[www.navyfederal.org/makingcents/tools/certificate-calculator.html]
[www.navyfederal.org/checking-savings/savings/certificates.html]
[www.navyfederal.org/makingcents/savings-budgeting/savings-accounts-guide.html]
[www.navyfederal.org/checking-savings/savings/money-market.html]
[www.navyfederal.org/makingcents/savings-budgeting/understanding-your-ira-options.html]
[www.navyfederal.org/content/dam/nfculibs/pdfs/certificates-ira-trust/nfcu_602c.pdf]
[www.navyfederal.org/content/dam/icons/two-tone/cash-and-coins/piggy-bank-2.svg]
[www.navyfederal.org/content/dam/icons/single-tone/gift-star-medium.svg]
[www.navyfederal.org/checking-savings/savings/retirement-savings/savings-accounts.html]
[www.navyfederal.org/content/dam/icons/two-tone/percent-arrow.svg]
[www.navyfederal.org/checking-savings/savings/retirement-savings/money-market.html]
[www.navyfederal.org/content/dam/icons/two-tone/paperwork/two-paper.svg]
[www.navyfederal.org/checking-savings/savings/retirement-savings/certificates.html]
[www.navyfederal.org/makingcents/savings-budgeting/ira-contribution-limits-and-deadlines.html]
[www.navyfederal.org/checking-savings/savings/retirement-savings.html]
[www.navyfederal.org/content/dam/icons/two-tone/book-coins.svg]
[www.navyfederal.org/checking-savings/savings/education-savings/savings-accounts.html]
[www.navyfederal.org/content/dam/icons/two-tone/cash-and-coins/book-pig.svg]
[www.navyfederal.org/checking-savings/savings/education-savings/esa-certificates.html]
[www.navyfederal.org/makingcents/savings-budgeting/coverdell-esa-and-529-plans.html]
[www.navyfederal.org/makingcents/savings-budgeting/college-savings-accounts.html]
[www.navyfederal.org/makingcents/tools/college-savings-calculator.html]
[www.navyfederal.org/checking-savings/savings/education-savings.html]
[www.navyfederal.org/checking-savings/cards/go-prepaid.html]
[www.navyfederal.org/services/security/zero-liability.html]
[www.navyfederal.org/checking-savings/cards/gift-cards.html]
[www.navyfederal.org/checking-savings/cards/gift-cards/terms-and-conditions.html]
[www.navyfederal.org/checking-savings/cards/go-prepaid/faqs.html]
[www.navyfederal.org/content/dam/nfculibs/pdfs/other/nfcu_211ab.pdf]
[www.navyfederal.org/checking-savings/cards.html]
[www.navyfederal.org/etc.clientlibs/nfis/clientlibs/uife/clientlib-uife-basePage/resources/fonts/open-sans/open-sans-v18-latin-700.woff2]
[www.navyfederal.org/etc.clientlibs/nfis/clientlibs/uife/clientlib-uife-basePage/resources/fonts/roboto-slab/roboto-slab-v6-latin-300.woff2]
[www.navyfederal.org/etc.clientlibs/nfis/clientlibs/uife/clientlib-uife-basePage/resources/fonts/source-sans/source-sans-pro-v9-latin-regular.woff2]
[www.navyfederal.org/etc.clientlibs/nfis/clientlibs/uife/clientlib-uife-basePage/resources/fonts/source-sans/source-sans-pro-v9-latin-300.woff2]
[www.navyfederal.org/etc.clientlibs/nfis/clientlibs/uife/clientlib-uife-basePage/resources/fonts/source-sans/source-sans-pro-v9-latin-700.woff2]
[www.navyfederal.org/etc.clientlibs/nfis/clientlibs/uife/clientlib-uife-basePage/resources/fonts/source-sans/source-sans-pro-v9-latin-600.woff2]
[www.navyfederal.org/etc.clientlibs/nfis/clientlibs/uife/clientlib-uife-basePage/resources/fonts/source-sans/source-sans-pro-v9-latin-italic.woff2]
[www.navyfederal.org/etc.clientlibs/nfis/clientlibs/uife/clientlib-uife-basePage/resources/fonts/font-awesome/fontawesome-webfont3e6e.woff2]
[www.navyfederal.org/etc.clientlibs/nfis/clientlibs/uife/clientlib-uife-basePage/resources/fonts/nfcu-icons/nfcu-icons52e1.ttf]
[www.navyfederal.org/etc.clientlibs/nfis/clientlibs/uife/clientlib-uife-basePage/resources/fonts/nfcu-icons/nfcu-icons52e1.woff]
[www.navyfederal.org/etc.clientlibs/nfis/clientlibs/uife/clientlib-uife-basePage.lc-2c72745397d93a39dbc9a46a74770ef7-lc.min.css]
[www.navyfederal.org/etc.clientlibs/nfis/clientlibs/uife/clientlib-uife-fullWidth.lc-081dc244de992f547783c5699c76b861-lc.min.css]
[www.navyfederal.org/content/dam/nfis/logos/nfis-logo.png]
[www.navyfederal.org/content/dam/logos/nfcu/svg/NFCU_horizontal_grey.svg]
[www.navyfederal.org/investment-services/financial-planning.html]
[www.navyfederal.org/investment-services/life-insurance.html]
[www.navyfederal.org/investment-services/trust-services.html]
[www.navyfederal.org/investment-services/contact.html]
[www.navyfederal.org/investment-services/investments/financial-advisors.html]
[www.navyfederal.org/makingcents/investing/investing-basics.html]
[www.navyfederal.org/investment-services/investments/market-moves.html]
[www.navyfederal.org/investment-services/investments/4-steps-to-financial-success.html]
[www.navyfederal.org/policy/privacy.html]
[www.navyfederal.org/investment-services/site-map.html]
[www.navyfederal.org/investment-services/disclosures.html]
[www.navyfederal.org/etc.clientlibs/nfis/clientlibs/uife/clientlib-uife-nfis-site-dependencies.lc-5e15063e12095e9467228451628cfea8-lc.min.js]
[www.navyfederal.org/etc.clientlibs/nfis/clientlibs/clientlib-dependencies.lc-ec1257a625b104d68cd2d275dae8ad47-lc.min.js]
[www.navyfederal.org/etc.clientlibs/nfis/clientlibs/uife/clientlib-uife-basePage.lc-2f7c48640bc23ce342f68a7ba26697d3-lc.min.js]
[www.navyfederal.org/investment-services/investments.html]
[www.navyfederal.org/etc.clientlibs/nfis/clientlibs/uife/clientlib-uife-fullWidth.lc-73c6ea21c7320262e3ac6e6230726963-lc.min.js]
[www.navyfederal.org/etc.clientlibs/nfo/clientlibs/uife/clientlib-uife-resources.lc-924815b90510fcdb1e3fda37e4745b9e-lc.min.css]
[www.navyfederal.org/services/mobile-online-banking/notifications.html]
[www.navyfederal.org/services/mobile-online-banking/card-management/card-on-file.html]
[www.navyfederal.org/loans-cards/credit-cards/cash-rewards.html]
[www.navyfederal.org/services/mobile-online-banking/tutorials.html]
[www.navyfederal.org/content/dam/nfculibs/pdfs/other/treasury_1199a.pdf]
[www.navyfederal.org/services/mobile-online-banking/paperless-statements.html]
[www.navyfederal.org/checking-savings/checking/resources/direct-deposit5ea4.html]
[www.navyfederal.org/etc.clientlibs/nfo/clientlibs/uife/clientlib-uife-resources.lc-24fa3cbb7065266b38d3417f1321d542-lc.min.js]
[www.navyfederal.org/checking-savings/savings/savings-resources/certificate-laddering-strategy.html]
[www.navyfederal.org/makingcents/tools/certificate-laddering-calculator.html]
[www.navyfederal.org/checking-savings/savings/savings-resources/certificate-laddering-strategyf25a.html]
[www.navyfederal.org/loans-cards/credit-cards/offers/more-rewards.html]
[www.navyfederal.org/loans-cards/credit-cards/credit-card-basics/prequalification.html]
[www.navyfederal.org/loans-cards/credit-cards/features.html]
[www.navyfederal.org/content/dam/nfculibs/pdfs/credit-debit-cards/nfcu_573cc.pdf]
[www.navyfederal.org/content/dam/nfculibs/pdfs/credit-debit-cards/nfcu_573cash.pdf]
[www.navyfederal.org/loans-cards/credit-cards/offers/cash-rewards.html]
[www.navyfederal.org/content/dam/card-art/cashrewards/cashrewards_vs.svg]
[www.navyfederal.org/loans-cards/credit-cards/more-rewards.html]
[www.navyfederal.org/content/dam/card-art/amex/amex-no-name.svg]
[www.navyfederal.org/content/dam/nfculibs/pdfs/credit-debit-cards/nfcu_573amex.pdf]
[www.navyfederal.org/loans-cards/credit-cards/flagship-visa-signature.html]
[www.navyfederal.org/content/dam/nfculibs/pdfs/credit-debit-cards/nfcu_573flag.pdf]
[www.navyfederal.org/content/dam/card-art/flagship/flagship.svg]
[www.navyfederal.org/loans-cards/credit-cards/offers/flagship-visa-signature.html]
[www.navyfederal.org/loans-cards/credit-cards/go-rewards.html]
[www.navyfederal.org/content/dam/nfculibs/pdfs/credit-debit-cards/nfcu_573go.pdf]
[www.navyfederal.org/content/dam/card-art/gorewards/gorewards.svg]
[www.navyfederal.org/loans-cards/credit-cards/offers/go-rewards.html]
[www.navyfederal.org/loans-cards/credit-cards/platinum.html]
[www.navyfederal.org/content/dam/card-art/platinum/platinum.svg]
[www.navyfederal.org/content/dam/nfculibs/pdfs/credit-debit-cards/nfcu_573plat.pdf]
[www.navyfederal.org/loans-cards/credit-cards/offers/platinum.html]
[www.navyfederal.org/loans-cards/credit-cards/nrewards-secured.html]
[www.navyfederal.org/content/dam/nfculibs/pdfs/credit-debit-cards/nfcu_800n.pdf]
[www.navyfederal.org/content/dam/card-art/nrewards-secured/nrewards.svg]
[www.navyfederal.org/about/awards-recognition/forrester.html]
[www.navyfederal.org/services/business/credit-cards.html]
[www.navyfederal.org/loans-cards/credit-cards/cardholder-resources/redeem-rewards.html]
[www.navyfederal.org/loans-cards/credit-cards/cardholder-resources/member-deals.html]
[www.navyfederal.org/loans-cards/credit-cards/cardholder-resources/fico-credit-score.html]
[www.navyfederal.org/loans-cards/credit-cards/cardholder-resources.html]
[www.navyfederal.org/loans-cards/credit-cards/credit-card-basics/applying-for-a-credit-card.html]
[www.navyfederal.org/loans-cards/credit-cards/credit-card-basics/how-credit-cards-work.html]
[www.navyfederal.org/makingcents/credit-debt/credit-scores-and-reports.html]
[www.navyfederal.org/loans-cards/credit-cards/credit-card-basics/balance-transfers.html]
[www.navyfederal.org/loans-cards/credit-cards/credit-card-basics.html]
[www.navyfederal.org/loans-cards/credit-cards/faqs.html]
[www.navyfederal.org/loans-cards/credit-cards.html]
[www.navyfederal.org/content/dam/card-art/blank-card.svg]
[www.navyfederal.org/loans-cards/auto-loans/auto-rates.html]
[www.navyfederal.org/loans-cards/auto-loans/auto-refinance-rates.html]
[www.navyfederal.org/loans-cards/auto-loans/auto-resources/car-buying-center.html]
[www.navyfederal.org/loans-cards/auto-loans/auto-resources/car-buying-service.html]
[www.navyfederal.org/loans-cards/auto-loans/auto-resources/carfax.html]
[www.navyfederal.org/membership/liberty-mutual.html]
[www.navyfederal.org/membership/siriusxm.html]
[www.navyfederal.org/loans-cards/auto-loans/auto-resources/titles.html]
[www.navyfederal.org/loans-cards/auto-loans/auto-resources.html]
[www.navyfederal.org/loans-cards/auto-loans/auto-learning-center/car-buying-process.html]
[www.navyfederal.org/loans-cards/auto-loans/auto-learning-center/applying-for-auto-loan.html]
[www.navyfederal.org/loans-cards/auto-loans/auto-learning-center/preapproval.html]
[www.navyfederal.org/loans-cards/auto-loans/auto-learning-center.html]
[www.navyfederal.org/loans-cards/auto-loans.html]
[www.navyfederal.org/loans-cards/auto-loans/faqs.html]
[www.navyfederal.org/loans-cards/mortgage/homeowner-resources/rate-reduction.html]
[www.navyfederal.org/loans-cards/mortgage/mortgage-rates/va-loans.html]
[www.navyfederal.org/loans-cards/mortgage/mortgage-rates/conventional-fixed-rate-mortgages.html]
[www.navyfederal.org/loans-cards/mortgage/calculators.html]
[www.navyfederal.org/loans-cards/mortgage/the-home-buying-journey.html]
[www.navyfederal.org/loans-cards/mortgage/mortgage-basics/mortgage-process.html]
[www.navyfederal.org/loans-cards/mortgage.html]
[www.navyfederal.org/loans-cards/personal-loans.html]
[www.navyfederal.org/loans-cards/student-loans.html]
[www.navyfederal.org/loans-cards/equity.html]
[www.navyfederal.org/loans-cards/auto-loans/motorcycle-boat-rv.html]
[www.navyfederal.org/loans-cards/mortgage/mortgage-basics/preapprovalb801.html]
[www.navyfederal.org/loans-cards/auto-loans/auto-resources/car-buying-servicef530.html]
[www.navyfederal.org/services/security.html]
[www.navyfederal.org/services/mobile-online-banking.html]
[www.navyfederal.org/branches-atms.html]
[www.navyfederal.org/services/business.html]
[www.navyfederal.org/services/transfers.html]
[www.navyfederal.org/services/ways-to-bank-with-us.html]
[www.navyfederal.org/investment-services.html]
[www.navyfederal.org/services/business/resourcesaa4d.html]
[www.navyfederal.org/services/transfers/zelle5740.html]
[www.navyfederal.org/makingcents.html]
[www.navyfederal.org/makingcents/savings-budgeting.html]
[www.navyfederal.org/makingcents/credit-debt.html]
[www.navyfederal.org/makingcents/investing.html]
[www.navyfederal.org/makingcents/military-life.html]
[www.navyfederal.org/makingcents/home-ownership.html]
[www.navyfederal.org/makingcents/auto.html]
[www.navyfederal.org/makingcents/business.html]
[www.navyfederal.org/makingcents/tools.html]
[www.navyfederal.org/makingcents/privacy-security.html]
[www.navyfederal.org/makingcents/personal-finance-counseling.html]
[www.navyfederal.org/makingcents8253.html]
[www.navyfederal.org/makingcents/tools/credit-simulator7775.html]
[www.navyfederal.org/membership/become-a-member.html]
[www.navyfederal.org/membership/welcome-to-navy-federal.html]
[www.navyfederal.org/membership/offers-discounts.html]
[www.navyfederal.org/about.html]
[www.navyfederal.org/contact-us.html]
[www.navyfederal.org/membership/eligibility8ede.html]
[www.navyfederal.org/membership/offers-discounts.html06d3.html]
[www.navyfederal.org/policy/browser-support.html]
[www.navyfederal.org/checking-savings/savings/certificatesda02.html]
[www.navyfederal.org/checking-savings/checking/debit.html]
[www.navyfederal.org/loans-cards/mortgage/refinancing04b2.html]
[www.navyfederal.org/loans-cards/credit-cards/cash-rewardsfa93.html]
[www.navyfederal.org/loans-cards/personal-loans7068.html]
[www.navyfederal.org/checking-savings/savings/certificates91d0.html]
[www.navyfederal.org/loans-cards/auto-loansd46e.html]
[www.navyfederal.org/loans-cards/student-loans/student-loans651e.html]
[www.navyfederal.org/membership/become-a-member3487.html]
[www.navyfederal.org/loans-cards/credit-cards/offers/go-rewardsd4e1.html]
[www.navyfederal.org/makingcents/credit-debt/consider-co-signer-for-student-loansc0c6.html]
[www.navyfederal.org/loans-cards/student-loans/student-loanse512.html]
[www.navyfederal.org/loans-cards/mortgage/homeowner-resources/home-buying-centercc73.html]
[www.navyfederal.org/about/presidents-message7d0a.html]
[www.navyfederal.org/makingcents/tools/credit-simulator28b6.html]
[www.navyfederal.org/makingcents/credit-debt/are-you-making-these-reward-card-mistakes0af1.html]
[www.navyfederal.org/investment-services/life-insuranced2e6.html]
[www.navyfederal.org/loans-cards/equity/home-improvement55f5.html]
[www.navyfederal.org/services/security/features6a1e.html]
[www.navyfederal.org/checking-savings/savings/savings-resources/certificate-ratesa808.html]
[www.navyfederal.org/content/dam/icons/single-tone/blue/global-rates-bar-mortgages.svg]
[www.navyfederal.org/loans-cards/mortgage/mortgage-rates.html]
[www.navyfederal.org/content/dam/icons/single-tone/blue/global-rates-bar-auto.svg]
[www.navyfederal.org/content/dam/icons/single-tone/blue/global-rates-bar-certificates.svg]
[www.navyfederal.org/content/dam/icons/single-tone/blue/global-rates-bar-creditcards.svg]
[www.navyfederal.org/rates.html]
[www.navyfederal.org/makingcents/savings-budgeting/are-you-prepared-for-a-natural-disaster0276.html]
[www.navyfederal.org/makingcents/savings-budgeting/emergency-savings-examples3242.html]
[www.navyfederal.org/makingcents/savings-budgeting/rebuild-emergency-fundfded.html]
[www.navyfederal.org/_jcr_content/root/homePageZone3/image1.coreimg.svg/1693575667268/accounts.svg]
[www.navyfederal.org/makingcents/tools/emergency-fund-calculatorc2d4.html]
[www.navyfederal.org/_jcr_content/root/homePageZone3/image2.coreimg.svg/1693575667268/calculator.svg]
[www.navyfederal.org/makingcents/savings-budgeting/overcome-financial-challenges5aa7.html]
[www.navyfederal.org/about/careers.html]
[www.navyfederal.org/about/press-releases.html]
[www.navyfederal.org/resources/events.html]
[www.navyfederal.org/membership/faqs.html]
[www.navyfederal.org/forms.html]
[www.navyfederal.org/policy.html]
[www.navyfederal.org/policy/accessibility.html]
[www.navyfederal.org/site-map.html]
[www.navyfederal.org/etc.clientlibs/nfculibs/clientlibs/uife/clientlib-uife-nfculibs-site/resources/fonts/nfcu-icons/nfcu-icons52e1.svg]
[www.navyfederal.org/etc.clientlibs/nfculibs/clientlibs/uife/clientlib-uife-nfculibs-site/resources/fonts/font-awesome/fontawesome-webfont3e6e.svg]
[www.navyfederal.org/etc.clientlibs/nfculibs/clientlibs/uife/clientlib-uife-nfculibs-site/resources/fonts/roboto-slab/roboto-slab-v6-latin-300.svg]
[www.navyfederal.org/etc.clientlibs/nfo/clientlibs/uife/clientlib-uife-basePage/resources/images/NFCU_horizontal_sm_rev.png]
[www.navyfederal.org/etc.clientlibs/nfo/clientlibs/uife/clientlib-uife-basePage/resources/images/NFCU_horizontal_sm_rev.svg]
[www.navyfederal.org/etc.clientlibs/nfo/clientlibs/uife/clientlib-uife-basePage/resources/images/NFCU_horizontal_rev.png]
[www.navyfederal.org/etc.clientlibs/nfo/clientlibs/uife/clientlib-uife-basePage/resources/images/NFCU_horizontal_rev.svg]
[www.navyfederal.org/content/dam/logos/nfcu/navy-federal-credit-union-logo-veterans.svg]
[www.navyfederal.org/Trident/index.html]
[www.navyfederal.org/get.html]
[www.navyfederal.org/helpers/getObjectProperty.js]
[www.navyfederal.org/Unable to load target-vec.js]
[www.navyfederal.org/Loading target-vec.js]
[www.navyfederal.org/etc.clientlibs/nfo/clientlibs/uife/clientlib-uife-fullWidth.lc-6467cfbdc6d1e04abbe6763e9ebc3476-lc.min.css]
[www.navyfederal.org/branches-atms/atms.html]
[www.navyfederal.org/services/mobile-online-banking/mobile-deposits.html]
[www.navyfederal.org/services/mobile-online-banking/bill-pay.html]
[www.navyfederal.org/checking-savings/checking/resources/checking-protection.html]
[www.navyfederal.org/checking-savings/checking/resources/free-checks.html]
[www.navyfederal.org/content/dam/icons/two-tone/military-chk-wizard.svg]
[www.navyfederal.org/checking-savings/checking/active-duty-checking.html]
[www.navyfederal.org/content/dam/icons/two-tone/cash-and-coins/money-bag-timer.svg]
[www.navyfederal.org/checking-savings/checking/easy-checking.html]
[www.navyfederal.org/content/dam/icons/two-tone/books.svg]
[www.navyfederal.org/checking-savings/checking/campus-checking.html]
[www.navyfederal.org/content/dam/icons/two-tone/cash-and-coins/check-dollars.svg]
[www.navyfederal.org/checking-savings/checking/everyday-checking.html]
[www.navyfederal.org/content/dam/icons/two-tone/cash-and-coins/money-arrow.svg]
[www.navyfederal.org/checking-savings/checking/flagship-checking.html]
[www.navyfederal.org/checking-savings/checking/resources/how-to-switch-checking.html]
[www.navyfederal.org/services/business/checking-savings.html]
[www.navyfederal.org/checking-savings/checking/resources/direct-deposit.html]
[www.navyfederal.org/services/transfers/add-money.html]
[www.navyfederal.org/checking-savings/checking/resources.html]
[www.navyfederal.org/checking-savings/savings/emergency-fund.html]
[www.navyfederal.org/makingcents/savings-budgeting/emergency-fund.html]
[www.navyfederal.org/makingcents/tools/savings-goal-calculator.html]
[www.navyfederal.org/makingcents/savings-budgeting/make-saving-simpler.html]
[www.navyfederal.org/checking-savings/savings/savings-basics.html]
[www.navyfederal.org/checking-savings/savings/savings-resources/savings-rates.html]
[www.navyfederal.org/checking-savings/savings/savings-resources/certificate-rates.html]
[www.navyfederal.org/makingcents/tools/compare-savings-rates-calculator.html]
[www.navyfederal.org/checking-savings/savings/savings-resources.html]
[www.navyfederal.org/checking-savings/savings/faqs.html]
[www.navyfederal.org/content/dam/icons/two-tone/cash-and-coins/paper-money.svg]
[www.navyfederal.org/checking-savings/savings/certificates/certificate-accounts.html]
[www.navyfederal.org/content/dam/icons/two-tone/easy-start-icon-primary.svg]
[www.navyfederal.org/checking-savings/savings/certificates/easystart-certificate.html]
[www.navyfederal.org/content/dam/icons/two-tone/cash-and-coins/jar-money.svg]
[www.navyfederal.org/content/dam/icons/two-tone/cash-and-coins/coins.svg]
[www.navyfederal.org/makingcents/savings-budgeting/certificate-maturing-know-your-options.html]
[www.navyfederal.org/makingcents/tools/certificate-calculator.html]
[www.navyfederal.org/makingcents/savings-budgeting/savings-accounts-guide.html]
[www.navyfederal.org/makingcents/savings-budgeting/understanding-your-ira-options.html]
[www.navyfederal.org/content/dam/icons/two-tone/cash-and-coins/piggy-bank-2.svg]
[www.navyfederal.org/content/dam/icons/single-tone/gift-star-medium.svg]
[www.navyfederal.org/checking-savings/savings/retirement-savings/savings-accounts.html]
[www.navyfederal.org/content/dam/icons/two-tone/percent-arrow.svg]
[www.navyfederal.org/checking-savings/savings/retirement-savings/money-market.html]
[www.navyfederal.org/content/dam/icons/two-tone/paperwork/two-paper.svg]
[www.navyfederal.org/checking-savings/savings/retirement-savings/certificates.html]
[www.navyfederal.org/makingcents/savings-budgeting/ira-contribution-limits-and-deadlines.html]
[www.navyfederal.org/content/dam/icons/two-tone/book-coins.svg]
[www.navyfederal.org/checking-savings/savings/education-savings/savings-accounts.html]
[www.navyfederal.org/content/dam/icons/two-tone/cash-and-coins/book-pig.svg]
[www.navyfederal.org/checking-savings/savings/education-savings/esa-certificates.html]
[www.navyfederal.org/makingcents/savings-budgeting/coverdell-esa-and-529-plans.html]
[www.navyfederal.org/makingcents/savings-budgeting/college-savings-accounts.html]
[www.navyfederal.org/makingcents/tools/college-savings-calculator.html]
[www.navyfederal.org/checking-savings/cards/go-prepaid.html]
[www.navyfederal.org/services/security/zero-liability.html]
[www.navyfederal.org/checking-savings/cards/gift-cards.html]
[www.navyfederal.org/checking-savings/cards/gift-cards/terms-and-conditions.html]
[www.navyfederal.org/checking-savings/cards/go-prepaid/faqs.html]
[www.navyfederal.org/etc.clientlibs/nfis/clientlibs/uife/clientlib-uife-basePage.lc-2c72745397d93a39dbc9a46a74770ef7-lc.min.css]
[www.navyfederal.org/etc.clientlibs/nfis/clientlibs/uife/clientlib-uife-fullWidth.lc-081dc244de992f547783c5699c76b861-lc.min.css]
[www.navyfederal.org/content/dam/logos/nfcu/svg/NFCU_horizontal_grey.svg]
[www.navyfederal.org/investment-services/financial-planning.html]
[www.navyfederal.org/investment-services/life-insurance.html]
[www.navyfederal.org/investment-services/trust-services.html]
[www.navyfederal.org/investment-services/contact.html]
[www.navyfederal.org/investment-services/investments/financial-advisors.html]
[www.navyfederal.org/makingcents/investing/investing-basics.html]
[www.navyfederal.org/investment-services/investments/market-moves.html]
[www.navyfederal.org/investment-services/investments/4-steps-to-financial-success.html]
[www.navyfederal.org/policy/privacy.html]
[www.navyfederal.org/investment-services/site-map.html]
[www.navyfederal.org/investment-services/disclosures.html]
[www.navyfederal.org/etc.clientlibs/nfo/clientlibs/uife/clientlib-uife-resources.lc-924815b90510fcdb1e3fda37e4745b9e-lc.min.css]
[www.navyfederal.org/services/mobile-online-banking/notifications.html]
[www.navyfederal.org/services/mobile-online-banking/card-management/card-on-file.html]
[www.navyfederal.org/loans-cards/credit-cards/cash-rewards.html]
[www.navyfederal.org/services/mobile-online-banking/tutorials.html]
[www.navyfederal.org/services/mobile-online-banking/paperless-statements.html]
[www.navyfederal.org/checking-savings/savings/savings-resources/certificate-laddering-strategy.html]
[www.navyfederal.org/makingcents/tools/certificate-laddering-calculator.html]
[www.navyfederal.org/loans-cards/credit-cards/offers/more-rewards.html]
[www.navyfederal.org/loans-cards/credit-cards/credit-card-basics/prequalification.html]
[www.navyfederal.org/loans-cards/credit-cards/features.html]
[www.navyfederal.org/content/dam/card-art/cashrewards/cashrewards_vs.svg]
[www.navyfederal.org/loans-cards/credit-cards/offers/cash-rewards.html]
[www.navyfederal.org/loans-cards/credit-cards/more-rewards.html]
[www.navyfederal.org/content/dam/card-art/amex/amex-no-name.svg]
[www.navyfederal.org/loans-cards/credit-cards/flagship-visa-signature.html]
[www.navyfederal.org/content/dam/card-art/flagship/flagship.svg]
[www.navyfederal.org/loans-cards/credit-cards/offers/flagship-visa-signature.html]
[www.navyfederal.org/loans-cards/credit-cards/go-rewards.html]
[www.navyfederal.org/content/dam/card-art/gorewards/gorewards.svg]
[www.navyfederal.org/loans-cards/credit-cards/offers/go-rewards.html]
[www.navyfederal.org/loans-cards/credit-cards/platinum.html]
[www.navyfederal.org/content/dam/card-art/platinum/platinum.svg]
[www.navyfederal.org/loans-cards/credit-cards/offers/platinum.html]
[www.navyfederal.org/loans-cards/credit-cards/nrewards-secured.html]
[www.navyfederal.org/content/dam/card-art/nrewards-secured/nrewards.svg]
[www.navyfederal.org/about/awards-recognition/forrester.html]
[www.navyfederal.org/services/business/credit-cards.html]
[www.navyfederal.org/loans-cards/credit-cards/cardholder-resources/redeem-rewards.html]
[www.navyfederal.org/loans-cards/credit-cards/cardholder-resources/member-deals.html]
[www.navyfederal.org/loans-cards/credit-cards/cardholder-resources/fico-credit-score.html]
[www.navyfederal.org/loans-cards/credit-cards/cardholder-resources.html]
[www.navyfederal.org/loans-cards/credit-cards/credit-card-basics/applying-for-a-credit-card.html]
[www.navyfederal.org/loans-cards/credit-cards/credit-card-basics/how-credit-cards-work.html]
[www.navyfederal.org/makingcents/credit-debt/credit-scores-and-reports.html]
[www.navyfederal.org/loans-cards/credit-cards/credit-card-basics/balance-transfers.html]
[www.navyfederal.org/loans-cards/credit-cards/credit-card-basics.html]
[www.navyfederal.org/loans-cards/credit-cards/faqs.html]
[www.navyfederal.org/content/dam/card-art/blank-card.svg]
[www.navyfederal.org/loans-cards/auto-loans/auto-rates.html]
[www.navyfederal.org/loans-cards/auto-loans/auto-refinance-rates.html]
[www.navyfederal.org/loans-cards/auto-loans/auto-resources/car-buying-center.html]
[www.navyfederal.org/loans-cards/auto-loans/auto-resources/car-buying-service.html]
[www.navyfederal.org/loans-cards/auto-loans/auto-resources/carfax.html]
[www.navyfederal.org/membership/liberty-mutual.html]
[www.navyfederal.org/membership/siriusxm.html]
[www.navyfederal.org/loans-cards/auto-loans/auto-resources/titles.html]
[www.navyfederal.org/loans-cards/auto-loans/auto-resources.html]
[www.navyfederal.org/loans-cards/auto-loans/auto-learning-center/car-buying-process.html]
[www.navyfederal.org/loans-cards/auto-loans/auto-learning-center/applying-for-auto-loan.html]
[www.navyfederal.org/loans-cards/auto-loans/auto-learning-center/preapproval.html]
[www.navyfederal.org/loans-cards/auto-loans/auto-learning-center.html]
[www.navyfederal.org/loans-cards/auto-loans/faqs.html]
[www.navyfederal.org/loans-cards/mortgage/homeowner-resources/rate-reduction.html]
[www.navyfederal.org/loans-cards/mortgage/mortgage-rates/va-loans.html]
[www.navyfederal.org/loans-cards/mortgage/mortgage-rates/conventional-fixed-rate-mortgages.html]
[www.navyfederal.org/loans-cards/mortgage/calculators.html]
[www.navyfederal.org/loans-cards/mortgage/the-home-buying-journey.html]
[www.navyfederal.org/loans-cards/mortgage/mortgage-basics/mortgage-process.html]
